Attempt 1 of 16
Attempt 2 of 16
Attempt 1 of 16
Attempt 2 of 16
Attempt 1 of 16
Attempt 2 of 16
Attempt 1 of 16
Attempt 2 of 16
Attempt 3 of 16
Attempt 1 of 16
Attempt 2 of 16
Attempt 3 of 16
Attempt 1 of 16
Attempt 2 of 16
Attempt 3 of 16
Attempt 4 of 16
Attempt 5 of 16
Attempt 1 of 16
Attempt 2 of 16
Attempt 3 of 16
Attempt 4 of 16
Attempt 5 of 16
Attempt 6 of 16
Attempt 7 of 16
Attempt 8 of 16
Attempt 9 of 16
Attempt 10 of 16
Attempt 11 of 16
Attempt 12 of 16
Attempt 13 of 16
Attempt 14 of 16
Attempt 15 of 16
Attempt 1 of 16
Attempt 2 of 16
Attempt 1 of 16
Attempt 1 of 16
Attempt 2 of 16
Attempt 1 of 16
Attempt 1 of 16
Attempt 1 of 16
Attempt 2 of 16
Attempt 1 of 16
Attempt 2 of 16
Attempt 1 of 16
Attempt 2 of 16
Attempt 1 of 16
Attempt 2 of 16
Attempt 3 of 16
Attempt 1 of 16
Attempt 2 of 16
Attempt 1 of 16
Attempt 2 of 16
Attempt 1 of 16
Attempt 2 of 16
Attempt 3 of 16
Attempt 1 of 16
Attempt 2 of 16
Attempt 1 of 16
Attempt 2 of 16
Attempt 3 of 16
Attempt 1 of 16
Attempt 2 of 16
Attempt 3 of 16
Attempt 4 of 16
Attempt 5 of 16
Attempt 6 of 16
Attempt 1 of 16
Attempt 2 of 16
Attempt 3 of 16
Attempt 1 of 16
Attempt 2 of 16
Attempt 3 of 16
Attempt 4 of 16
Attempt 5 of 16
Attempt 6 of 16
Attempt 7 of 16
Attempt 8 of 16
Attempt 1 of 16
Attempt 1 of 16
Attempt 1 of 16
Attempt 2 of 16
Attempt 1 of 16
Attempt 2 of 16
Attempt 1 of 16
Attempt 2 of 16
Attempt 1 of 16
Attempt 2 of 16
Attempt 1 of 16
Attempt 2 of 16
Attempt 3 of 16
Attempt 4 of 16
Attempt 1 of 16
Attempt 2 of 16
Attempt 1 of 16
Attempt 2 of 16
Attempt 3 of 16
Attempt 1 of 16
Attempt 2 of 16
Attempt 1 of 16
Attempt 2 of 16
Attempt 1 of 16
Attempt 2 of 16
Attempt 1 of 16
Attempt 1 of 16
Attempt 2 of 16
Attempt 3 of 16
Attempt 1 of 16
Attempt 2 of 16
Attempt 1 of 16
Attempt 2 of 16
Attempt 3 of 16
Attempt 1 of 16
Attempt 2 of 16
